<h1><a name="test" class="anchor" href="#test"><span class="header-link"></span></a>Test</h1><pre><code class="lang-javascript"><span class="hljs-variable"><span class="hljs-keyword">var</span> a</span> = <span class="hljs-number">10</span>;
</code></pre>
<h2><a name="hello-helinjiang" class="anchor" href="#hello-grunt-md-html"><span class="header-link"></span></a>Hello grunt-md-html</h2>