<h1 id="some2-md">some2.md</h1>
<pre><code class="lang-javascript"><span class="hljs-variable"><span class="hljs-keyword">var</span> a</span> = <span class="hljs-number">10</span>;
</code></pre>
<h1 id="some3-md">some3.md</h1>
<p>Hello, I am some3.md</p>
<h2 id="hello-helinjiang">Hello grunt-md-html</h2>
