<h1 id="some-md">some.md</h1>
<pre><code class="lang-javascript"><span class="hljs-variable"><span class="hljs-keyword">var</span> a</span> = <span class="hljs-number">10</span>;
</code></pre>
